<!DOCTYPE HTML><html lang="fr"><head><meta charset="utf-8"><meta name="viewport" content="width=device-width, initial-scale=1.0"><title>List of reservations</title><link rel="stylesheet" href="styles.css"><link rel="stylesheet" href="https://cdn.jsdelivr.net/npm/bootstrap@3.4.1/dist/css/bootstrap.min.css" integrity="sha384-HSMxcRTRxnN+Bdg0JdbxYKrThecOKuH5zCYotlSAcp1+c8xmyTe9GYg1l9a69psu" crossorigin="anonymous"></head><body><div id="branding" role="banner"><h1 id="site-title">Société Royale d'Harmonie de Braine-l'Alleud</h1><img src="https://www.srhbraine.be/wp-content/uploads/2019/10/site-en-tete.jpg" width="940" height="198" alt=""></div><form action="/TEST_DIR/gestion/list_reservations.cgi"><label for="limit">Limiter le tableau à <em>n</em> lignes:</label><input id="limit" type="number" name="limit" min="5" value="20" max="10000"><input type="submit" value="Rafraichir la page"><input id="offset" name="offset" type="hidden" value="0"></form><table class="list"><tr><th><a class="navigation" href="https://TEST_HOST/TEST_DIR/gestion/list_reservations.cgi?limit=20&amp;offset=0&amp;sort_order=name">Nom</a></th><th><a class="navigation" href="https://TEST_HOST/TEST_DIR/gestion/list_reservations.cgi?limit=20&amp;offset=0&amp;sort_order=email">Email</a></th><th><a class="navigation" href="https://TEST_HOST/TEST_DIR/gestion/list_reservations.cgi?limit=20&amp;offset=0&amp;sort_order=extra_comment">Commentaire</a></th><th><a class="navigation" href="https://TEST_HOST/TEST_DIR/gestion/list_reservations.cgi?limit=20&amp;offset=0&amp;sort_order=places">Places</a></th><th><a class="navigation" href="https://TEST_HOST/TEST_DIR/gestion/list_reservations.cgi?limit=20&amp;offset=0&amp;sort_order=main_starter">TomMozz</a></th><th><a class="navigation" href="https://TEST_HOST/TEST_DIR/gestion/list_reservations.cgi?limit=20&amp;offset=0&amp;sort_order=extra_starter">Fondu</a></th><th><a class="navigation" href="https://TEST_HOST/TEST_DIR/gestion/list_reservations.cgi?limit=20&amp;offset=0&amp;sort_order=main_dish">Bolo</a></th><th><a class="navigation" href="https://TEST_HOST/TEST_DIR/gestion/list_reservations.cgi?limit=20&amp;offset=0&amp;sort_order=extra_dish">Sca</a></th><th><a class="navigation" href="https://TEST_HOST/TEST_DIR/gestion/list_reservations.cgi?limit=20&amp;offset=0&amp;sort_order=third_dish">Veg</a></th><th><a class="navigation" href="https://TEST_HOST/TEST_DIR/gestion/list_reservations.cgi?limit=20&amp;offset=0&amp;sort_order=kids_main_dish">BoloEnf</a></th><th><a class="navigation" href="https://TEST_HOST/TEST_DIR/gestion/list_reservations.cgi?limit=20&amp;offset=0&amp;sort_order=kids_extra_dish">ScaEnf</a></th><th><a class="navigation" href="https://TEST_HOST/TEST_DIR/gestion/list_reservations.cgi?limit=20&amp;offset=0&amp;sort_order=kids_third_dish">VegEnf</a></th><th><a class="navigation" href="https://TEST_HOST/TEST_DIR/gestion/list_reservations.cgi?limit=20&amp;offset=0&amp;sort_order=main_dessert">Fondu</a></th><th><a class="navigation" href="https://TEST_HOST/TEST_DIR/gestion/list_reservations.cgi?limit=20&amp;offset=0&amp;sort_order=extra_dessert">Glace</a></th><th><a class="navigation" href="https://TEST_HOST/TEST_DIR/gestion/list_reservations.cgi?limit=20&amp;offset=0&amp;sort_order=bank_id">Transaction</a></th><th><a class="navigation" href="https://TEST_HOST/TEST_DIR/gestion/list_reservations.cgi?limit=20&amp;offset=0&amp;sort_order=date">Date</a></th><th><a class="navigation" href="https://TEST_HOST/TEST_DIR/gestion/list_reservations.cgi?limit=20&amp;offset=0&amp;sort_order=time">Réservé le</a></th></tr></table><hr><p><a href="export_csv.cgi?name=export.csv">Exporter en format CSV (Excel ou autres tableurs)</a>. Excel a du mal avec les accents et autres caractères spéciaux, voyez <a href="https://www.nextofwindows.com/how-to-display-csv-files-with-unicode-utf-8-encoding-in-excel">cette page</a> pour plus d'explications.</p><hr><p>Ajouter une réservation:</p><script>
      document.addEventListener('DOMContentLoaded', function () {
          const errorClass = 'has-error';
          let form = document.querySelector('#reservation');

          let validations = [
              {'reference_fields': ['insidemaindish', 'insideextradish', 'insidethirddish'],
               'validations': [{'section': 'inside-menu-starter', 'validated_fields': ['insidemainstarter', 'insideextrastarter']},
                               {'section': 'inside-menu-dessert', 'validated_fields': ['insidemaindessert', 'insideextradessert']}]},
              {'reference_fields': ['kidsmaindish', 'kidsextradish', 'kidsthirddish'],
               'validations': [{'section': 'kids-menu-dessert', 'validated_fields': ['kidsmaindessert', 'kidsextradessert']}]}
          ];

          function sumOfInputFields(inputFieldIds) {
              return inputFieldIds.reduce((sum, fieldId) => sum + parseInt(document.getElementById(fieldId).value),
                                          0);
          }

          function runValidation(validation_suite) {
              let referenceSum = sumOfInputFields(validation_suite.reference_fields);
              validation_suite.validations.forEach(function(validation) {
                  var section = document.getElementById(validation.section);
                  var inputSum = sumOfInputFields(validation.validated_fields);

                  if (inputSum == referenceSum) {
                      section.classList.remove(errorClass);
                  } else {
                      section.classList.add(errorClass);
                  }
              });
          }

          function validateAll() {
              validations.forEach(runValidation);
          }

          form.addEventListener('submit', function (event) {
              // Reset error classes
              resetErrorClasses();

              validateAll();

              // Prevent form submission if there are errors
              if (form.querySelectorAll('.' + errorClass).length > 0) {
                  event.preventDefault();
              }
          });

          function updatePrice() {
              const prices = {
                  'insidemaindish': 2900,
                  'insideextradish': 3400,
                  'insidethirddish': 3400,
                  'kidsmaindish': 1900,
                  'kidsextradish': 2400,
                  'kidsthirddish': 2400,
                  'outsidemainstarter': 900,
                  'outsideextrastarter': 900,
                  'outsidemaindish': 1700,
                  'outsideextradish': 2200,
                  'outsidethirddish': 2200,
                  'outsidemaindessert': 600,
                  'outsideextradessert': 600
              };
              let totalPrice = 0;
              for (let key in prices) {
                  totalPrice += parseInt(document.getElementById(key).value) * prices[key];
              }
              let cents = String(totalPrice % 100).padStart(2, '0');
              document.getElementById('reservation-submit').value = totalPrice == 0?'Confirmer':`Prix total: ${totalPrice / 100}.${cents}€. Confirmer`
          }

          form.addEventListener('change', function (event) {
              validateAll();
              updatePrice();
          });

          function resetErrorClasses() {
              var errorSections = form.querySelectorAll('.' + errorClass);
              errorSections.forEach(function (section) {
                  section.classList.remove(errorClass);
              });
          }

          resetErrorClasses();
          validateAll();
          updatePrice();
      });
    </script><form method="POST" class="container" id="reservation" action="add_unchecked_reservation.cgi"><input type="hidden" name="csrf_token" value="CSRF_TOKEN"><div class="row"><label for="name-field-id" class="col-xs-3">Nom</label><input id="name-field-id" class="col-xs-9" type="text" name="name" required="required" minlength="2"></div><div class="row"><label for="email-field-id" class="col-xs-3">e-mail ou téléphone</label><input id="email-field-id" class="col-xs-9" type="text" name="email" minlength="2" pattern="^[a-zA-Z0-9._%+\-]+@[a-zA-Z0-9.\-]+\.[a-zA-Z]{2,}$|^[0-9.\/ \-]+$"></div><div class="row"><label for="extraComment-field-id" class="col-xs-12">Commentaire (p.ex. pour le placement si vous venez avec un autre groupe)</label></div><div class="row"><input id="extraComment-field-id" class="col-xs-12" type="text" name="extraComment"></div><div class="row"><label for="places-field-id" class="col-xs-3">Nombre de places</label><input id="places-field-id" class="col-xs-3" name="places" type="number" min="1" max="50" value="1"><label for="date-field-id" class="col-xs-2">Date</label><input id="date-field-id" class="col-xs-4" name="date" type="date" readonly="readonly" value="2099-01-01"></div><div class="row"><fieldset class="col-md-4"><legend>Menu Complet</legend><div class="starter sum-group" id="inside-menu-starter"><div class="error-message">Le nombre total d'entrées doit correspondre au nombre total de plats</div><div style="display: grid;"><div style="display: flex; place-items: center; grid-row: 1; grid-column: 1"><label for="insidemainstarter">Tomate Mozzarella</label></div><div style="display: flex; place-items: center; grid-row: 1; grid-column: 2;"><input min="0" max="50" size="5" type="number" id="insidemainstarter" name="insidemainstarter" value="0"></div><div style="display: flex; place-items: center; grid-row: 2; grid-column: 1"><label for="insideextrastarter">Croquettes au fromage</label></div><div style="display: flex; place-items: center; grid-row: 2; grid-column: 2;"><input min="0" max="50" size="5" type="number" id="insideextrastarter" name="insideextrastarter" value="0"></div></div></div><div class="dish sum-group" id="inside-menu-dish"><div style="display: grid;"><div style="display: flex; place-items: center; grid-row: 1; grid-column: 1"><label for="insidemaindish">Spaghetti bolognaise</label></div><div style="display: flex; place-items: center; grid-row: 1; grid-column: 2;"><input min="0" max="50" size="5" type="number" id="insidemaindish" name="insidemaindish" value="0"></div><div style="display: flex; place-items: center; grid-row: 2; grid-column: 1"><label for="insideextradish">Spaghetti aux scampis</label></div><div style="display: flex; place-items: center; grid-row: 2; grid-column: 2;"><input min="0" max="50" size="5" type="number" id="insideextradish" name="insideextradish" value="0"></div><div style="display: flex; place-items: center; grid-row: 3; grid-column: 1"><label for="insidethirddish">Spaghetti aux légumes</label></div><div style="display: flex; place-items: center; grid-row: 3; grid-column: 2;"><input min="0" max="50" size="5" type="number" id="insidethirddish" name="insidethirddish" value="0"></div></div></div><div class="dessert sum-group" id="inside-menu-dessert"><div class="error-message">Le nombre total de desserts doit correspondre au nombre total de plats</div><div style="display: grid;"><div style="display: flex; place-items: center; grid-row: 1; grid-column: 1"><label for="insidemaindessert">Fondu au chocolat</label></div><div style="display: flex; place-items: center; grid-row: 1; grid-column: 2;"><input min="0" max="50" size="5" type="number" id="insidemaindessert" name="insidemaindessert" value="0"></div><div style="display: flex; place-items: center; grid-row: 2; grid-column: 1"><label for="insideextradessert">Portion de glace</label></div><div style="display: flex; place-items: center; grid-row: 2; grid-column: 2;"><input min="0" max="50" size="5" type="number" id="insideextradessert" name="insideextradessert" value="0"></div></div></div></fieldset><fieldset class="col-md-4"><legend>Menu Enfant (&lt; 12 ans)</legend><div class="dish sum-group" id="kids-menu-dish"><div style="display: grid;"><div style="display: flex; place-items: center; grid-row: 1; grid-column: 1"><label for="kidsmaindish">Spag. bolognaise (enfants)</label></div><div style="display: flex; place-items: center; grid-row: 1; grid-column: 2;"><input min="0" max="50" size="5" type="number" id="kidsmaindish" name="kidsmaindish" value="0"></div><div style="display: flex; place-items: center; grid-row: 2; grid-column: 1"><label for="kidsextradish">Spag. aux scampis (enfants)</label></div><div style="display: flex; place-items: center; grid-row: 2; grid-column: 2;"><input min="0" max="50" size="5" type="number" id="kidsextradish" name="kidsextradish" value="0"></div><div style="display: flex; place-items: center; grid-row: 3; grid-column: 1"><label for="kidsthirddish">Spag. aux légumes (enfants)</label></div><div style="display: flex; place-items: center; grid-row: 3; grid-column: 2;"><input min="0" max="50" size="5" type="number" id="kidsthirddish" name="kidsthirddish" value="0"></div></div></div><div class="dessert sum-group" id="kids-menu-dessert"><div class="error-message">Le nombre total de desserts doit correspondre au nombre total de plats enfants</div><div style="display: grid;"><div style="display: flex; place-items: center; grid-row: 1; grid-column: 1"><label for="kidsmaindessert">Fondu au chocolat</label></div><div style="display: flex; place-items: center; grid-row: 1; grid-column: 2;"><input min="0" max="50" size="5" type="number" id="kidsmaindessert" name="kidsmaindessert" value="0"></div><div style="display: flex; place-items: center; grid-row: 2; grid-column: 1"><label for="kidsextradessert">Portion de glace</label></div><div style="display: flex; place-items: center; grid-row: 2; grid-column: 2;"><input min="0" max="50" size="5" type="number" id="kidsextradessert" name="kidsextradessert" value="0"></div></div></div></fieldset><fieldset class="col-md-4"><legend>À la carte</legend><div class="starter sum-group" id="outside-menu-starter"><div style="display: grid;"><div style="display: flex; place-items: center; grid-row: 1; grid-column: 1"><label for="outsidemainstarter">Tomate Mozzarella</label></div><div style="display: flex; place-items: center; grid-row: 1; grid-column: 2;"><input min="0" max="50" size="5" type="number" id="outsidemainstarter" name="outsidemainstarter" value="0"></div><div style="display: flex; place-items: center; grid-row: 2; grid-column: 1"><label for="outsideextrastarter">Croquettes au fromage</label></div><div style="display: flex; place-items: center; grid-row: 2; grid-column: 2;"><input min="0" max="50" size="5" type="number" id="outsideextrastarter" name="outsideextrastarter" value="0"></div></div></div><div class="dish sum-group" id="outside-menu-dish"><div style="display: grid;"><div style="display: flex; place-items: center; grid-row: 1; grid-column: 1"><label for="outsidemaindish">Spaghetti bolognaise</label></div><div style="display: flex; place-items: center; grid-row: 1; grid-column: 2;"><input min="0" max="50" size="5" type="number" id="outsidemaindish" name="outsidemaindish" value="0"></div><div style="display: flex; place-items: center; grid-row: 2; grid-column: 1"><label for="outsideextradish">Spaghetti aux scampis</label></div><div style="display: flex; place-items: center; grid-row: 2; grid-column: 2;"><input min="0" max="50" size="5" type="number" id="outsideextradish" name="outsideextradish" value="0"></div><div style="display: flex; place-items: center; grid-row: 3; grid-column: 1"><label for="outsidethirddish">Spaghetti aux légumes</label></div><div style="display: flex; place-items: center; grid-row: 3; grid-column: 2;"><input min="0" max="50" size="5" type="number" id="outsidethirddish" name="outsidethirddish" value="0"></div></div></div><div class="dessert sum-group" id="outside-menu-dessert"><div style="display: grid;"><div style="display: flex; place-items: center; grid-row: 1; grid-column: 1"><label for="outsidemaindessert">Fondu au chocolat</label></div><div style="display: flex; place-items: center; grid-row: 1; grid-column: 2;"><input min="0" max="50" size="5" type="number" id="outsidemaindessert" name="outsidemaindessert" value="0"></div><div style="display: flex; place-items: center; grid-row: 2; grid-column: 1"><label for="outsideextradessert">Portion de glace</label></div><div style="display: flex; place-items: center; grid-row: 2; grid-column: 2;"><input min="0" max="50" size="5" type="number" id="outsideextradessert" name="outsideextradessert" value="0"></div></div></div></fieldset></div><div class="row"><p class="col-md-12">La Société Royale d'Harmonie de Braine-l'Alleud respecte votre vie privée. Les données de contact que vous nous communiquez dans ce formulaire seront uniquement utilisées dans le cadre de ce souper italien, à moins que vous nous donniez l'autorisation de les garder pour vous informer de nos concerts et autres fêtes dans le futur. Contactez <a href="TEST_EMAIL">INFO_EMAIL</a> pour demander d'être retiré de nos fichiers.</p></div><div class="row"><input type="checkbox" value="" id="gdpr_accepts_use" name="gdpr_accepts_use" class="col-xs-1"><label for="gdpr_accepts_use" class="col-xs-11">Je désire être tenu au courant des activités futures de la SRH de Braine-l'Alleud et l'autorise à conserver mon nom et mon adresse email à cette fin.</label></div><input type="submit" id="reservation-submit" value="Confirmer" style="width: 100%;"></form><hr><ul><li><a href="list_payments.cgi">Gérer les paiements</a></li><li><a href="generate_tickets.cgi">Générer les tickets nourriture pour impression</a></li></ul><hr><p>Retour au <a href="https://www.srhbraine.be/">site de la Société Royale d'Harmonie de Braine-l'Alleud</a>.</p></body></html>