<!DOCTYPE HTML><html lang="fr"><head><meta charset="utf-8"/><meta name="viewport" content="width=device-width, initial-scale=1.0"/><title>Données invalides dans le formulaire</title><link rel="stylesheet" href="styles.css"/></head><body><p>Votre formulaire contient l'erreur suivante:</p><p><code lang="en">Il n'y a pas de repas italien ̀à cette date</code></p><p>Voici les données reçues</p><ul><li><code>date</code>: FieldStorage('date', None, '1234-56-78')</li><li><code>email</code>: FieldStorage('email', None, 'Test.Email@example.com')</li><li><code>gdpr_accepts_use</code>: FieldStorage('gdpr_accepts_use', None, '1')</li><li><code>name</code>: FieldStorage('name', None, 'TestName02')</li><li><code>places</code>: FieldStorage('places', None, '4')</li></ul><p><a href="TEST_EMAIL">Contactez-nous</a> si vous désirez de l'aide pour enregistrer votre réservation.</p><hr/><p>Retour au <a href="https://www.srhbraine.be/">site de la Société Royale d'Harmonie de Braine-l'Alleud</a>.</p></body></html>