<!DOCTYPE HTML><html lang="fr"><head><meta charset="utf-8"/><meta name="viewport" content="width=device-width, initial-scale=1.0"/><title>Réservation effectuée</title><link rel="stylesheet" href="styles.css"/></head><body><p>Votre réservation au nom de Sunday05 pour 2 places a été enregistrée.</p><p>La commande des repas se fera à l'entrée.</p><p><a href="https://www.srhbraine.be/soiree-italienne-2022/">Cette page</a> sera tenue à jour avec les mesures de sécurité en vigueur lors de notre repas italien. Merci de la consulter régulièrement. <a href="TEST_EMAIL">Contactez-nous</a> si vous avez encore des questions.</p><p>Un tout grand merci pour votre présence le 2022-03-20: le soutien de nos auditeurs nous est indispensable!</p><hr/><p>Retour au <a href="https://www.srhbraine.be/">site de la Société Royale d'Harmonie de Braine-l'Alleud</a>.</p></body></html>