<!DOCTYPE HTML><html lang="fr"><head><meta charset="utf-8"><meta name="viewport" content="width=device-width, initial-scale=1.0"><title>List of reservations</title><link rel="stylesheet" href="styles.css"></head><body><p>Il y a 3 bulles en tout dont 3 sont actives.</p><ul><li>5 fondus</li><li>4 assiettes</li><li>2 bolos</li><li>2 scampis</li><li>3 tiramisus</li><li>1 tranches napolitaines</li></ul><ul><li>2022-03-19: 7 places réservées</li><li>2099-01-01: 3 places réservées</li></ul><form action="/TEST_DIR/gestion/list_reservations.cgi"><label for="limit">Limiter le tableau à <em>n</em> lignes:</label><input id="limit" type="number" name="limit" min="5" value="7" max="10000"><input type="submit" value="Rafraichir la page"><input id="sort_order" name="sort_order" type="hidden" value="date"><input id="sort_order" name="sort_order" type="hidden" value="name"><input id="offset" name="offset" type="hidden" value="1"></form><ul class="navbar"><li><a class="navigation" href="https://TEST_HOST/TEST_DIR/gestion/list_reservations.cgi?limit=7&amp;offset=0&amp;sort_order=date&amp;sort_order=name">Début</a></li></ul><table class="list"><tr><th><a class="navigation" href="https://TEST_HOST/TEST_DIR/gestion/list_reservations.cgi?limit=7&amp;offset=1&amp;sort_order=name&amp;sort_order=date">Nom ↑</a></th><th><a class="navigation" href="https://TEST_HOST/TEST_DIR/gestion/list_reservations.cgi?limit=7&amp;offset=1&amp;sort_order=email&amp;sort_order=date&amp;sort_order=name">Email</a></th><th><a class="navigation" href="https://TEST_HOST/TEST_DIR/gestion/list_reservations.cgi?limit=7&amp;offset=1&amp;sort_order=DATE&amp;sort_order=name">Date ⬆</a></th><th><a class="navigation" href="https://TEST_HOST/TEST_DIR/gestion/list_reservations.cgi?limit=7&amp;offset=1&amp;sort_order=places&amp;sort_order=date&amp;sort_order=name">Places</a></th><th><a class="navigation" href="https://TEST_HOST/TEST_DIR/gestion/list_reservations.cgi?limit=7&amp;offset=1&amp;sort_order=fondus&amp;sort_order=date&amp;sort_order=name">Fondus</a></th><th><a class="navigation" href="https://TEST_HOST/TEST_DIR/gestion/list_reservations.cgi?limit=7&amp;offset=1&amp;sort_order=assiettes&amp;sort_order=date&amp;sort_order=name">Charcuterie</a></th><th><a class="navigation" href="https://TEST_HOST/TEST_DIR/gestion/list_reservations.cgi?limit=7&amp;offset=1&amp;sort_order=bolo&amp;sort_order=date&amp;sort_order=name">Bolo</a></th><th><a class="navigation" href="https://TEST_HOST/TEST_DIR/gestion/list_reservations.cgi?limit=7&amp;offset=1&amp;sort_order=scampis&amp;sort_order=date&amp;sort_order=name">Scampis</a></th><th><a class="navigation" href="https://TEST_HOST/TEST_DIR/gestion/list_reservations.cgi?limit=7&amp;offset=1&amp;sort_order=tiramisu&amp;sort_order=date&amp;sort_order=name">Tiramisu</a></th><th><a class="navigation" href="https://TEST_HOST/TEST_DIR/gestion/list_reservations.cgi?limit=7&amp;offset=1&amp;sort_order=tranches&amp;sort_order=date&amp;sort_order=name">Napolitaines</a></th><th><a class="navigation" href="https://TEST_HOST/TEST_DIR/gestion/list_reservations.cgi?limit=7&amp;offset=1&amp;sort_order=origin&amp;sort_order=date&amp;sort_order=name">Origine</a></th><th><a class="navigation" href="https://TEST_HOST/TEST_DIR/gestion/list_reservations.cgi?limit=7&amp;offset=1&amp;sort_order=time&amp;sort_order=date&amp;sort_order=name">Réservé le</a></th></tr><tr><td>Sunday05</td><td>SundayMail@gmx.com</td><td>2022-03-19</td><td>2</td><td>0</td><td>1</td><td>1</td><td>0</td><td>1</td><td>0</td><td><span class="null_value">formulaire web</span></td><td>TIMESTAMP</td></tr><tr><td>TestName03</td><td>Test.Email@example.com</td><td>2099-01-01</td><td>3</td><td>2</td><td>1</td><td>1</td><td>2</td><td>2</td><td>1</td><td><span class="null_value">formulaire web</span></td><td>TIMESTAMP</td></tr></table><hr><p><a href="export_csv.cgi?name=export.csv">Exporter en format CSV (Excel ou autres tableurs)</a>. Excel a du mal avec les accents et autres caractères spéciaux, voyez <a href="https://www.nextofwindows.com/how-to-display-csv-files-with-unicode-utf-8-encoding-in-excel">cette page</a> pour plus d'explications.</p><hr><p>Ajouter une réservation:</p><div id="elmish-app"></div><script>const ACTION_DEST = "add_unchecked_reservation.cgi";const CONCERT_DATE = "2022-03-19";const CSRF_TOKEN = "CSRF_TOKEN";</script><script src="../main.js"></script><hr><a href="generate_tickets.cgi">Générer les tickets nourriture pour impression</a><hr><p>Retour au <a href="https://www.srhbraine.be/">site de la Société Royale d'Harmonie de Braine-l'Alleud</a>.</p></body></html>
