<!DOCTYPE HTML><html lang="fr"><head><meta charset="utf-8"/><meta name="viewport" content="width=device-width, initial-scale=1.0"/><title>Réservation effectuée</title><link rel="stylesheet" href="styles.css"/></head><body><p>Votre réservation au nom de TestCreatedByAdmin pour 8 places a été enregistrée.</p><p>Merci de nous avoir informé de votre commande à titre indicatif.  Nous préparerons vos tickets à l'entrée pour faciliter votre commande.  Le prix total est de 215.00 € pour le repas.</p><ul ><li >Entrée<ul ><li >1 Assiette de fondus au fromage</li><li >2 Assiettes de charcuterie italienne</li></ul></li><li >Plat<ul ><li >4 Spaghettis Bolognaise</li><li >8 Spaghettis aux Scampis</li></ul></li><li >Dessert<ul ><li >4 Tiramisus</li><li >4 Tranches Napolitaines</li></ul></li></ul><p><a href="https://www.srhbraine.be/soiree-italienne/">Cette page</a> sera tenue à jour avec les mesures de sécurité en vigueur lors de notre repas italien. Merci de la consulter régulièrement. <a href="TEST_EMAIL">Contactez-nous</a> si vous avez encore des questions.</p><p>Un tout grand merci pour votre présence le 2099-01-01: le soutien de nos auditeurs nous est indispensable!</p><hr/><p>Retour au <a href="https://www.srhbraine.be/">site de la Société Royale d'Harmonie de Braine-l'Alleud</a>.</p></body></html>