<!DOCTYPE HTML><html lang="fr"><head><meta charset="utf-8"/><meta name="viewport" content="width=device-width, initial-scale=1.0"/><title>List of reservations</title><link rel="stylesheet" href="styles.css"/></head><body><p>Il y a 4 bulles en tout dont 3 sont actives.</p><ul><li>2022-03-19: 7 places réservées</li><li>2099-01-01: 8 places réservées</li></ul><form action="/TEST_DIR/gestion/list_reservations.cgi"><label for="limit">Limiter le tableau à <em>n</em> lignes:</label><input id="limit" type="number" name="limit" min="5" value="17" max="10000"/><input type="submit" value="Rafraichir la page"/><input id="sort_order" name="sort_order" type="hidden" value="BOLO"/><input id="sort_order" name="sort_order" type="hidden" value="name"/><input id="offset" name="offset" type="hidden" value="0"/></form><table class="list"><tr><th><a class="navigation" href="https://TEST_HOST/TEST_DIR/gestion/list_reservations.cgi?limit=17&amp;offset=0&amp;sort_order=name&amp;sort_order=BOLO">Nom ↑</a></th><th><a class="navigation" href="https://TEST_HOST/TEST_DIR/gestion/list_reservations.cgi?limit=17&amp;offset=0&amp;sort_order=email&amp;sort_order=BOLO&amp;sort_order=name">Email</a></th><th><a class="navigation" href="https://TEST_HOST/TEST_DIR/gestion/list_reservations.cgi?limit=17&amp;offset=0&amp;sort_order=date&amp;sort_order=BOLO&amp;sort_order=name">Date</a></th><th><a class="navigation" href="https://TEST_HOST/TEST_DIR/gestion/list_reservations.cgi?limit=17&amp;offset=0&amp;sort_order=places&amp;sort_order=BOLO&amp;sort_order=name">Places</a></th><th><a class="navigation" href="https://TEST_HOST/TEST_DIR/gestion/list_reservations.cgi?limit=17&amp;offset=0&amp;sort_order=fondus&amp;sort_order=BOLO&amp;sort_order=name">Fondus</a></th><th><a class="navigation" href="https://TEST_HOST/TEST_DIR/gestion/list_reservations.cgi?limit=17&amp;offset=0&amp;sort_order=assiettes&amp;sort_order=BOLO&amp;sort_order=name">Charcuterie</a></th><th><a class="navigation" href="https://TEST_HOST/TEST_DIR/gestion/list_reservations.cgi?limit=17&amp;offset=0&amp;sort_order=name">Bolo ⬇</a></th><th><a class="navigation" href="https://TEST_HOST/TEST_DIR/gestion/list_reservations.cgi?limit=17&amp;offset=0&amp;sort_order=scampis&amp;sort_order=BOLO&amp;sort_order=name">Scampis</a></th><th><a class="navigation" href="https://TEST_HOST/TEST_DIR/gestion/list_reservations.cgi?limit=17&amp;offset=0&amp;sort_order=tiramisu&amp;sort_order=BOLO&amp;sort_order=name">Tiramisu</a></th><th><a class="navigation" href="https://TEST_HOST/TEST_DIR/gestion/list_reservations.cgi?limit=17&amp;offset=0&amp;sort_order=tranches&amp;sort_order=BOLO&amp;sort_order=name">Napolitaines</a></th><th><a class="navigation" href="https://TEST_HOST/TEST_DIR/gestion/list_reservations.cgi?limit=17&amp;offset=0&amp;sort_order=origin&amp;sort_order=BOLO&amp;sort_order=name">Origine</a></th><th><a class="navigation" href="https://TEST_HOST/TEST_DIR/gestion/list_reservations.cgi?limit=17&amp;offset=0&amp;sort_order=time&amp;sort_order=BOLO&amp;sort_order=name">Réservé le</a></th></tr><tr><td>TestCreatedByAdmin</td><td>ByAdmin</td><td>2099-01-01</td><td>8</td><td>1</td><td>2</td><td>4</td><td>8</td><td>4</td><td>4</td><td>TEST_ADMIN</td><td>TIMESTAMP</td></tr><tr><td>Sunday05</td><td>SundayMail@gmx.com</td><td>2022-03-19</td><td>2</td><td>0</td><td>1</td><td>1</td><td>0</td><td>1</td><td>0</td><td><span class="null_value">formulaire web</span></td><td>TIMESTAMP</td></tr><tr><td>Saturday04</td><td>Saturday@gmail.com</td><td>2022-03-19</td><td>5</td><td>3</td><td>2</td><td>0</td><td>0</td><td>0</td><td>0</td><td><span class="null_value">formulaire web</span></td><td>TIMESTAMP</td></tr></table><hr/><p><a href="export_csv.cgi?name=export.csv">Exporter en format CSV (Excel ou autres tableurs)</a>. Excel a du mal avec les accents et autres caractères spéciaux, voyez <a href="https://www.nextofwindows.com/how-to-display-csv-files-with-unicode-utf-8-encoding-in-excel">cette page</a> pour plus d'explications.</p><hr/><p>Ajouter une réservation:</p><form method="post" action="add_unchecked_reservation.cgi"><input type="hidden" id="csrf_token" name="csrf_token" value="CSRF_TOKEN"/><label for="name">Nom</label><input id="name" name="name" type="text" placeholder="Nom de la bulle" required="required" style="width:100%;"/><br/><label for="comment">Commentaire</label><input id="comment" name="comment" type="text" placeholder="Commentaire" style="width:100%;"/><br/><label for="places">Places:</label><input id="places" name="places" type="number" min="1" value="1"/><br/><input id="samedi" name="date" type="hidden" value="2022-03-19"/><br/><label for="outside_fondus">Fondus:</label><input id="outside_fondus" name="outside_fondus" type="number" min="0" value="0"/><br/><label for="outside_assiettes">Assiettes de charcuterie:</label><input id="outside_assiettes" name="outside_assiettes" type="number" min="0" value="0"/><br/><label for="outside_bolo">Spaghettis Bolognaise:</label><input id="outside_bolo" name="outside_bolo" type="number" min="0" value="0"/><br/><label for="outside_scampis">Spaghettis aux Scampis:</label><input id="outside_scampis" name="outside_scampis" type="number" min="0" value="0"/><br/><label for="outside_tiramisu">Tiramisu:</label><input id="outside_tiramisu" name="outside_tiramisu" type="number" min="0" value="0"/><br/><label for="outside_tranches">Tranche Napolitaine:</label><input id="outside_tranches" name="outside_tranches" type="number" min="0" value="0"/><br/><input type="submit" value="Confirmer"/></form><hr/><a href="generate_tickets.cgi">Générer les tickets nourriture pour impression</a><hr/><p>Retour au <a href="https://www.srhbraine.be/">site de la Société Royale d'Harmonie de Braine-l'Alleud</a>.</p></body></html>