<!DOCTYPE HTML><html lang="fr"><head><meta charset="utf-8"/><meta name="viewport" content="width=device-width, initial-scale=1.0"/><title>Réservation effectuée</title><link rel="stylesheet" href="styles.css"/></head><body><p>Votre réservation au nom de "; drop table reservations; select count(1) from csrfs where "2"&lt;" pour 3 places a été enregistrée.</p><p>Merci de nous avoir informé de votre commande à titre indicatif.  Nous préparerons vos tickets à l'entrée pour faciliter votre commande.  Le prix total est de 70.00 € pour le repas.</p><ul ><li >Entrée: 3 Assiettes de fondus au fromage</li><li >Plat<ul ><li >1 Spaghetti Bolognaise</li><li >2 Spaghettis aux Scampis</li></ul></li><li >Dessert<ul ><li >2 Tiramisus</li><li >1 Tranche Napolitaine</li></ul></li></ul><p><a href="https://www.srhbraine.be/soiree-italienne/">Cette page</a> sera tenue à jour avec les mesures de sécurité en vigueur lors de notre repas italien. Merci de la consulter régulièrement. <a href="TEST_EMAIL">Contactez-nous</a> si vous avez encore des questions.</p><p>Un tout grand merci pour votre présence le 2022-03-20: le soutien de nos auditeurs nous est indispensable!</p><hr/><p>Retour au <a href="https://www.srhbraine.be/">site de la Société Royale d'Harmonie de Braine-l'Alleud</a>.</p></body></html>