<!DOCTYPE HTML><html lang="fr"><head><meta charset="utf-8"/><meta name="viewport" content="width=device-width, initial-scale=1.0"/><title>List of reservations</title><link rel="stylesheet" href="styles.css"/></head><body><p>Il y a 5 bulles en tout dont 4 sont actives.</p><ul><li>2022-03-19: 5 places réservées</li><li>2022-03-20: 5 places réservées</li><li>2099-01-01: 8 places réservées</li></ul><form action="/TEST_DIR/gestion/list_reservations.cgi"><label for="limit">Limiter le tableau à <em>n</em> lignes:</label><input id="limit" type="number" name="limit" min="5" value="9" max="10000"/><input type="submit" value="Rafraichir la page"/><input id="offset" name="offset" type="hidden" value="0"/></form><table class="list"><tr><th><a class="navigation" href="https://TEST_HOST/TEST_DIR/gestion/list_reservations.cgi?limit=9&amp;offset=0&amp;sort_order=name">Nom</a></th><th><a class="navigation" href="https://TEST_HOST/TEST_DIR/gestion/list_reservations.cgi?limit=9&amp;offset=0&amp;sort_order=email">Email</a></th><th><a class="navigation" href="https://TEST_HOST/TEST_DIR/gestion/list_reservations.cgi?limit=9&amp;offset=0&amp;sort_order=date">Date</a></th><th><a class="navigation" href="https://TEST_HOST/TEST_DIR/gestion/list_reservations.cgi?limit=9&amp;offset=0&amp;sort_order=places">Places</a></th><th><a class="navigation" href="https://TEST_HOST/TEST_DIR/gestion/list_reservations.cgi?limit=9&amp;offset=0&amp;sort_order=fondus">Fondus</a></th><th><a class="navigation" href="https://TEST_HOST/TEST_DIR/gestion/list_reservations.cgi?limit=9&amp;offset=0&amp;sort_order=assiettes">Charcuterie</a></th><th><a class="navigation" href="https://TEST_HOST/TEST_DIR/gestion/list_reservations.cgi?limit=9&amp;offset=0&amp;sort_order=bolo">Bolo</a></th><th><a class="navigation" href="https://TEST_HOST/TEST_DIR/gestion/list_reservations.cgi?limit=9&amp;offset=0&amp;sort_order=scampis">Scampis</a></th><th><a class="navigation" href="https://TEST_HOST/TEST_DIR/gestion/list_reservations.cgi?limit=9&amp;offset=0&amp;sort_order=tiramisu">Tiramisu</a></th><th><a class="navigation" href="https://TEST_HOST/TEST_DIR/gestion/list_reservations.cgi?limit=9&amp;offset=0&amp;sort_order=tranches">Napolitaines</a></th><th><a class="navigation" href="https://TEST_HOST/TEST_DIR/gestion/list_reservations.cgi?limit=9&amp;offset=0&amp;sort_order=origin">Origine</a></th><th><a class="navigation" href="https://TEST_HOST/TEST_DIR/gestion/list_reservations.cgi?limit=9&amp;offset=0&amp;sort_order=time">Réservé le</a></th></tr><tr><td>Saturday04</td><td>Saturday@gmail.com</td><td>2022-03-19</td><td>5</td><td>3</td><td>2</td><td>0</td><td>0</td><td>0</td><td>0</td><td><span class="null_value">formulaire web</span></td><td>TIMESTAMP</td></tr><tr><td>Sunday05</td><td>SundayMail@gmx.com</td><td>2022-03-20</td><td>2</td><td>0</td><td>0</td><td>0</td><td>0</td><td>0</td><td>0</td><td><span class="null_value">formulaire web</span></td><td>TIMESTAMP</td></tr><tr><td>TestCreatedByAdmin</td><td>ByAdmin</td><td>2099-01-01</td><td>8</td><td>1</td><td>2</td><td>4</td><td>8</td><td>4</td><td>4</td><td>TEST_ADMIN</td><td>TIMESTAMP</td></tr><tr><td>"; drop table reservations; select count(1) from csrfs where "2"&lt;"</td><td>&lt;/body&gt;&lt;/html&gt;&lt;!--@example.com</td><td>2022-03-20</td><td>3</td><td>3</td><td>0</td><td>1</td><td>2</td><td>2</td><td>1</td><td><span class="null_value">formulaire web</span></td><td>TIMESTAMP</td></tr></table><hr/><p><a href="export_csv.cgi?name=export.csv">Exporter en format CSV (Excel ou autres tableurs)</a>. Excel a du mal avec les accents et autres caractères spéciaux, voyez <a href="https://www.nextofwindows.com/how-to-display-csv-files-with-unicode-utf-8-encoding-in-excel">cette page</a> pour plus d'explications.</p><hr/><p>Ajouter une réservation:</p><form method="post" action="add_unchecked_reservation.cgi"><input type="hidden" id="csrf_token" name="csrf_token" value="CSRF_TOKEN"/><label for="name">Nom</label><input id="name" name="name" type="text" placeholder="Nom de la bulle" required="required" style="width:100%;"/><br/><label for="comment">Commentaire</label><input id="comment" name="comment" type="text" placeholder="Commentaire" style="width:100%;"/><br/><label for="places">Places:</label><input id="places" name="places" type="number" min="0" value="1"/><br/><input id="samedi" name="date" type="radio" value="2022-03-19" checked="checked"/><label for="samedi">Samedi 19 mars 2022 à 18h30 (portes ouvertes dès 17h30)</label><br/><input id="dimanche" name="date" type="radio" value="2022-03-20"/><label for="dimanche">Dimanche 20 mars 2022 à 12h</label><br/><label for="fondus">Fondus:</label><input id="fondus" name="fondus" type="number" min="0" value="0"/><br/><label for="assiettes">Assiettes de charcuterie:</label><input id="assiettes" name="assiettes" type="number" min="0" value="0"/><br/><label for="bolo">Spaghettis Bolognaise:</label><input id="bolo" name="bolo" type="number" min="0" value="0"/><br/><label for="scampis">Spaghettis aux Scampis:</label><input id="scampis" name="scampis" type="number" min="0" value="0"/><br/><label for="tiramisu">Tiramisu:</label><input id="tiramisu" name="tiramisu" type="number" min="0" value="0"/><br/><label for="tranches">Tranche Napolitaine:</label><input id="tranches" name="tranches" type="number" min="0" value="0"/><br/><input type="submit" value="Confirmer"/></form><hr/><a href="generate_tickets.cgi">Générer les tickets nourriture pour impression</a><hr/><p>Retour au <a href="https://www.srhbraine.be/">site de la Société Royale d'Harmonie de Braine-l'Alleud</a>.</p></body></html>
