<!DOCTYPE HTML><html lang="fr"><head><meta charset="utf-8"><meta name="viewport" content="width=device-width, initial-scale=1.0"><title>Liste des tickets à imprimer</title><link rel="stylesheet" href="styles.css"></head><body><div class="no-print-page-break"><div class="ticket-heading">"; drop table reservations; select count(1) from csrfs where "2"&lt;" 2022-03-19</div><div>Total: 99.00 € pour 10 tickets.</div></div><div class="tickets"><div class="ticket-left-col"><div>table n°</div><div>serveur</div><div>entrée:</div><div>Fondus au fromage</div></div><div><img src="ticket-image.png"></div><div class="ticket-left-col"><div>table n°</div><div>serveur</div><div>entrée:</div><div>Assiette italienne</div></div><div><img src="ticket-image.png"></div><div class="ticket-left-col"><div>table n°</div><div>serveur</div><div>entrée:</div><div>Assiette italienne</div></div><div><img src="ticket-image.png"></div><div class="ticket-left-col"><div>table n°</div><div>serveur</div><div>plat:</div><div>Spaghetti bolognaise</div></div><div><img src="ticket-image.png"></div><div class="ticket-left-col"><div>table n°</div><div>serveur</div><div>plat:</div><div>Spaghetti bolognaise</div></div><div><img src="ticket-image.png"></div><div class="ticket-left-col"><div>table n°</div><div>serveur</div><div>plat:</div><div>Spaghetti aux scampis</div></div><div><img src="ticket-image.png"></div><div class="ticket-left-col"><div>table n°</div><div>serveur</div><div>plat:</div><div>Spaghetti aux scampis</div></div><div><img src="ticket-image.png"></div><div class="ticket-left-col"><div>table n°</div><div>serveur</div><div>dessert:</div><div>Tiramisu</div></div><div><img src="ticket-image.png"></div><div class="ticket-left-col"><div>table n°</div><div>serveur</div><div>dessert:</div><div>Tiramisu</div></div><div><img src="ticket-image.png"></div><div class="ticket-left-col"><div>table n°</div><div>serveur</div><div>dessert:</div><div>Tranche napolitaine</div></div><div><img src="ticket-image.png"></div></div><div class="no-print-page-break"><div class="ticket-heading">Saturday04 2022-03-19</div><div>Total: 45.00 € pour 5 tickets.</div></div><div class="tickets"><div class="ticket-left-col"><div>table n°</div><div>serveur</div><div>entrée:</div><div>Fondus au fromage</div></div><div><img src="ticket-image.png"></div><div class="ticket-left-col"><div>table n°</div><div>serveur</div><div>entrée:</div><div>Fondus au fromage</div></div><div><img src="ticket-image.png"></div><div class="ticket-left-col"><div>table n°</div><div>serveur</div><div>entrée:</div><div>Fondus au fromage</div></div><div><img src="ticket-image.png"></div><div class="ticket-left-col"><div>table n°</div><div>serveur</div><div>entrée:</div><div>Assiette italienne</div></div><div><img src="ticket-image.png"></div><div class="ticket-left-col"><div>table n°</div><div>serveur</div><div>entrée:</div><div>Assiette italienne</div></div><div><img src="ticket-image.png"></div></div><div class="no-print-page-break"><div class="ticket-heading">Sunday05 2022-03-19</div><div>Total: 25.00 € pour 3 tickets.</div></div><div class="tickets"><div class="ticket-left-col"><div>table n°</div><div>serveur</div><div>entrée:</div><div>Assiette italienne</div></div><div><img src="ticket-image.png"></div><div class="ticket-left-col"><div>table n°</div><div>serveur</div><div>plat:</div><div>Spaghetti bolognaise</div></div><div><img src="ticket-image.png"></div><div class="ticket-left-col"><div>table n°</div><div>serveur</div><div>dessert:</div><div>Tiramisu</div></div><div><img src="ticket-image.png"></div></div><div class="no-print-page-break"><div class="ticket-heading">TestCreatedByAdmin 2099-01-01</div><div>Total: 259.00 € pour 23 tickets.</div></div><div class="tickets"><div class="ticket-left-col"><div>table n°</div><div>serveur</div><div>entrée:</div><div>Fondus au fromage</div></div><div><img src="ticket-image.png"></div><div class="ticket-left-col"><div>table n°</div><div>serveur</div><div>entrée:</div><div>Assiette italienne</div></div><div><img src="ticket-image.png"></div><div class="ticket-left-col"><div>table n°</div><div>serveur</div><div>entrée:</div><div>Assiette italienne</div></div><div><img src="ticket-image.png"></div><div class="ticket-left-col"><div>table n°</div><div>serveur</div><div>plat:</div><div>Spaghetti bolognaise</div></div><div><img src="ticket-image.png"></div><div class="ticket-left-col"><div>table n°</div><div>serveur</div><div>plat:</div><div>Spaghetti bolognaise</div></div><div><img src="ticket-image.png"></div><div class="ticket-left-col"><div>table n°</div><div>serveur</div><div>plat:</div><div>Spaghetti bolognaise</div></div><div><img src="ticket-image.png"></div><div class="ticket-left-col"><div>table n°</div><div>serveur</div><div>plat:</div><div>Spaghetti bolognaise</div></div><div><img src="ticket-image.png"></div><div class="ticket-left-col"><div>table n°</div><div>serveur</div><div>plat:</div><div>Spaghetti aux scampis</div></div><div><img src="ticket-image.png"></div><div class="ticket-left-col"><div>table n°</div><div>serveur</div><div>plat:</div><div>Spaghetti aux scampis</div></div><div><img src="ticket-image.png"></div><div class="ticket-left-col"><div>table n°</div><div>serveur</div><div>plat:</div><div>Spaghetti aux scampis</div></div><div><img src="ticket-image.png"></div><div class="ticket-left-col"><div>table n°</div><div>serveur</div><div>plat:</div><div>Spaghetti aux scampis</div></div><div><img src="ticket-image.png"></div><div class="ticket-left-col"><div>table n°</div><div>serveur</div><div>plat:</div><div>Spaghetti aux scampis</div></div><div><img src="ticket-image.png"></div><div class="ticket-left-col"><div>table n°</div><div>serveur</div><div>plat:</div><div>Spaghetti aux scampis</div></div><div><img src="ticket-image.png"></div><div class="ticket-left-col"><div>table n°</div><div>serveur</div><div>plat:</div><div>Spaghetti aux scampis</div></div><div><img src="ticket-image.png"></div><div class="ticket-left-col"><div>table n°</div><div>serveur</div><div>plat:</div><div>Spaghetti aux scampis</div></div><div><img src="ticket-image.png"></div><div class="ticket-left-col"><div>table n°</div><div>serveur</div><div>dessert:</div><div>Tiramisu</div></div><div><img src="ticket-image.png"></div><div class="ticket-left-col"><div>table n°</div><div>serveur</div><div>dessert:</div><div>Tiramisu</div></div><div><img src="ticket-image.png"></div><div class="ticket-left-col"><div>table n°</div><div>serveur</div><div>dessert:</div><div>Tiramisu</div></div><div><img src="ticket-image.png"></div><div class="ticket-left-col"><div>table n°</div><div>serveur</div><div>dessert:</div><div>Tiramisu</div></div><div><img src="ticket-image.png"></div><div class="ticket-left-col"><div>table n°</div><div>serveur</div><div>dessert:</div><div>Tranche napolitaine</div></div><div><img src="ticket-image.png"></div><div class="ticket-left-col"><div>table n°</div><div>serveur</div><div>dessert:</div><div>Tranche napolitaine</div></div><div><img src="ticket-image.png"></div><div class="ticket-left-col"><div>table n°</div><div>serveur</div><div>dessert:</div><div>Tranche napolitaine</div></div><div><img src="ticket-image.png"></div><div class="ticket-left-col"><div>table n°</div><div>serveur</div><div>dessert:</div><div>Tranche napolitaine</div></div><div><img src="ticket-image.png"></div></div><div class="ticket-heading">Vente libre</div><div>fondus=15, assiettes=13, bolo=13, scampis=10, tiramisu=13, tranches=15</div><div class="tickets"><div class="ticket-left-col"><div>table n°</div><div>serveur</div><div>entrée:</div><div>Fondus au fromage</div></div><div><img src="ticket-image.png"></div><div class="ticket-left-col"><div>table n°</div><div>serveur</div><div>entrée:</div><div>Fondus au fromage</div></div><div><img src="ticket-image.png"></div><div class="ticket-left-col"><div>table n°</div><div>serveur</div><div>entrée:</div><div>Fondus au fromage</div></div><div><img src="ticket-image.png"></div><div class="ticket-left-col"><div>table n°</div><div>serveur</div><div>entrée:</div><div>Fondus au fromage</div></div><div><img src="ticket-image.png"></div><div class="ticket-left-col"><div>table n°</div><div>serveur</div><div>entrée:</div><div>Fondus au fromage</div></div><div><img src="ticket-image.png"></div><div class="ticket-left-col"><div>table n°</div><div>serveur</div><div>entrée:</div><div>Fondus au fromage</div></div><div><img src="ticket-image.png"></div><div class="ticket-left-col"><div>table n°</div><div>serveur</div><div>entrée:</div><div>Fondus au fromage</div></div><div><img src="ticket-image.png"></div><div class="ticket-left-col"><div>table n°</div><div>serveur</div><div>entrée:</div><div>Fondus au fromage</div></div><div><img src="ticket-image.png"></div><div class="ticket-left-col"><div>table n°</div><div>serveur</div><div>entrée:</div><div>Fondus au fromage</div></div><div><img src="ticket-image.png"></div><div class="ticket-left-col"><div>table n°</div><div>serveur</div><div>entrée:</div><div>Fondus au fromage</div></div><div><img src="ticket-image.png"></div><div class="ticket-left-col"><div>table n°</div><div>serveur</div><div>entrée:</div><div>Fondus au fromage</div></div><div><img src="ticket-image.png"></div><div class="ticket-left-col"><div>table n°</div><div>serveur</div><div>entrée:</div><div>Fondus au fromage</div></div><div><img src="ticket-image.png"></div><div class="ticket-left-col"><div>table n°</div><div>serveur</div><div>entrée:</div><div>Fondus au fromage</div></div><div><img src="ticket-image.png"></div><div class="ticket-left-col"><div>table n°</div><div>serveur</div><div>entrée:</div><div>Fondus au fromage</div></div><div><img src="ticket-image.png"></div><div class="ticket-left-col"><div>table n°</div><div>serveur</div><div>entrée:</div><div>Fondus au fromage</div></div><div><img src="ticket-image.png"></div><div class="ticket-left-col"><div>table n°</div><div>serveur</div><div>entrée:</div><div>Assiette italienne</div></div><div><img src="ticket-image.png"></div><div class="ticket-left-col"><div>table n°</div><div>serveur</div><div>entrée:</div><div>Assiette italienne</div></div><div><img src="ticket-image.png"></div><div class="ticket-left-col"><div>table n°</div><div>serveur</div><div>entrée:</div><div>Assiette italienne</div></div><div><img src="ticket-image.png"></div><div class="ticket-left-col"><div>table n°</div><div>serveur</div><div>entrée:</div><div>Assiette italienne</div></div><div><img src="ticket-image.png"></div><div class="ticket-left-col"><div>table n°</div><div>serveur</div><div>entrée:</div><div>Assiette italienne</div></div><div><img src="ticket-image.png"></div><div class="ticket-left-col"><div>table n°</div><div>serveur</div><div>entrée:</div><div>Assiette italienne</div></div><div><img src="ticket-image.png"></div><div class="ticket-left-col"><div>table n°</div><div>serveur</div><div>entrée:</div><div>Assiette italienne</div></div><div><img src="ticket-image.png"></div><div class="ticket-left-col"><div>table n°</div><div>serveur</div><div>entrée:</div><div>Assiette italienne</div></div><div><img src="ticket-image.png"></div><div class="ticket-left-col"><div>table n°</div><div>serveur</div><div>entrée:</div><div>Assiette italienne</div></div><div><img src="ticket-image.png"></div><div class="ticket-left-col"><div>table n°</div><div>serveur</div><div>entrée:</div><div>Assiette italienne</div></div><div><img src="ticket-image.png"></div><div class="ticket-left-col"><div>table n°</div><div>serveur</div><div>entrée:</div><div>Assiette italienne</div></div><div><img src="ticket-image.png"></div><div class="ticket-left-col"><div>table n°</div><div>serveur</div><div>entrée:</div><div>Assiette italienne</div></div><div><img src="ticket-image.png"></div><div class="ticket-left-col"><div>table n°</div><div>serveur</div><div>entrée:</div><div>Assiette italienne</div></div><div><img src="ticket-image.png"></div><div class="ticket-left-col"><div>table n°</div><div>serveur</div><div>plat:</div><div>Spaghetti bolognaise</div></div><div><img src="ticket-image.png"></div><div class="ticket-left-col"><div>table n°</div><div>serveur</div><div>plat:</div><div>Spaghetti bolognaise</div></div><div><img src="ticket-image.png"></div><div class="ticket-left-col"><div>table n°</div><div>serveur</div><div>plat:</div><div>Spaghetti bolognaise</div></div><div><img src="ticket-image.png"></div><div class="ticket-left-col"><div>table n°</div><div>serveur</div><div>plat:</div><div>Spaghetti bolognaise</div></div><div><img src="ticket-image.png"></div><div class="ticket-left-col"><div>table n°</div><div>serveur</div><div>plat:</div><div>Spaghetti bolognaise</div></div><div><img src="ticket-image.png"></div><div class="ticket-left-col"><div>table n°</div><div>serveur</div><div>plat:</div><div>Spaghetti bolognaise</div></div><div><img src="ticket-image.png"></div><div class="ticket-left-col"><div>table n°</div><div>serveur</div><div>plat:</div><div>Spaghetti bolognaise</div></div><div><img src="ticket-image.png"></div><div class="ticket-left-col"><div>table n°</div><div>serveur</div><div>plat:</div><div>Spaghetti bolognaise</div></div><div><img src="ticket-image.png"></div><div class="ticket-left-col"><div>table n°</div><div>serveur</div><div>plat:</div><div>Spaghetti bolognaise</div></div><div><img src="ticket-image.png"></div><div class="ticket-left-col"><div>table n°</div><div>serveur</div><div>plat:</div><div>Spaghetti bolognaise</div></div><div><img src="ticket-image.png"></div><div class="ticket-left-col"><div>table n°</div><div>serveur</div><div>plat:</div><div>Spaghetti bolognaise</div></div><div><img src="ticket-image.png"></div><div class="ticket-left-col"><div>table n°</div><div>serveur</div><div>plat:</div><div>Spaghetti bolognaise</div></div><div><img src="ticket-image.png"></div><div class="ticket-left-col"><div>table n°</div><div>serveur</div><div>plat:</div><div>Spaghetti bolognaise</div></div><div><img src="ticket-image.png"></div><div class="ticket-left-col"><div>table n°</div><div>serveur</div><div>plat:</div><div>Spaghetti aux scampis</div></div><div><img src="ticket-image.png"></div><div class="ticket-left-col"><div>table n°</div><div>serveur</div><div>plat:</div><div>Spaghetti aux scampis</div></div><div><img src="ticket-image.png"></div><div class="ticket-left-col"><div>table n°</div><div>serveur</div><div>plat:</div><div>Spaghetti aux scampis</div></div><div><img src="ticket-image.png"></div><div class="ticket-left-col"><div>table n°</div><div>serveur</div><div>plat:</div><div>Spaghetti aux scampis</div></div><div><img src="ticket-image.png"></div><div class="ticket-left-col"><div>table n°</div><div>serveur</div><div>plat:</div><div>Spaghetti aux scampis</div></div><div><img src="ticket-image.png"></div><div class="ticket-left-col"><div>table n°</div><div>serveur</div><div>plat:</div><div>Spaghetti aux scampis</div></div><div><img src="ticket-image.png"></div><div class="ticket-left-col"><div>table n°</div><div>serveur</div><div>plat:</div><div>Spaghetti aux scampis</div></div><div><img src="ticket-image.png"></div><div class="ticket-left-col"><div>table n°</div><div>serveur</div><div>plat:</div><div>Spaghetti aux scampis</div></div><div><img src="ticket-image.png"></div><div class="ticket-left-col"><div>table n°</div><div>serveur</div><div>plat:</div><div>Spaghetti aux scampis</div></div><div><img src="ticket-image.png"></div><div class="ticket-left-col"><div>table n°</div><div>serveur</div><div>plat:</div><div>Spaghetti aux scampis</div></div><div><img src="ticket-image.png"></div><div class="ticket-left-col"><div>table n°</div><div>serveur</div><div>dessert:</div><div>Tiramisu</div></div><div><img src="ticket-image.png"></div><div class="ticket-left-col"><div>table n°</div><div>serveur</div><div>dessert:</div><div>Tiramisu</div></div><div><img src="ticket-image.png"></div><div class="ticket-left-col"><div>table n°</div><div>serveur</div><div>dessert:</div><div>Tiramisu</div></div><div><img src="ticket-image.png"></div><div class="ticket-left-col"><div>table n°</div><div>serveur</div><div>dessert:</div><div>Tiramisu</div></div><div><img src="ticket-image.png"></div><div class="ticket-left-col"><div>table n°</div><div>serveur</div><div>dessert:</div><div>Tiramisu</div></div><div><img src="ticket-image.png"></div><div class="ticket-left-col"><div>table n°</div><div>serveur</div><div>dessert:</div><div>Tiramisu</div></div><div><img src="ticket-image.png"></div><div class="ticket-left-col"><div>table n°</div><div>serveur</div><div>dessert:</div><div>Tiramisu</div></div><div><img src="ticket-image.png"></div><div class="ticket-left-col"><div>table n°</div><div>serveur</div><div>dessert:</div><div>Tiramisu</div></div><div><img src="ticket-image.png"></div><div class="ticket-left-col"><div>table n°</div><div>serveur</div><div>dessert:</div><div>Tiramisu</div></div><div><img src="ticket-image.png"></div><div class="ticket-left-col"><div>table n°</div><div>serveur</div><div>dessert:</div><div>Tiramisu</div></div><div><img src="ticket-image.png"></div><div class="ticket-left-col"><div>table n°</div><div>serveur</div><div>dessert:</div><div>Tiramisu</div></div><div><img src="ticket-image.png"></div><div class="ticket-left-col"><div>table n°</div><div>serveur</div><div>dessert:</div><div>Tiramisu</div></div><div><img src="ticket-image.png"></div><div class="ticket-left-col"><div>table n°</div><div>serveur</div><div>dessert:</div><div>Tiramisu</div></div><div><img src="ticket-image.png"></div><div class="ticket-left-col"><div>table n°</div><div>serveur</div><div>dessert:</div><div>Tranche napolitaine</div></div><div><img src="ticket-image.png"></div><div class="ticket-left-col"><div>table n°</div><div>serveur</div><div>dessert:</div><div>Tranche napolitaine</div></div><div><img src="ticket-image.png"></div><div class="ticket-left-col"><div>table n°</div><div>serveur</div><div>dessert:</div><div>Tranche napolitaine</div></div><div><img src="ticket-image.png"></div><div class="ticket-left-col"><div>table n°</div><div>serveur</div><div>dessert:</div><div>Tranche napolitaine</div></div><div><img src="ticket-image.png"></div><div class="ticket-left-col"><div>table n°</div><div>serveur</div><div>dessert:</div><div>Tranche napolitaine</div></div><div><img src="ticket-image.png"></div><div class="ticket-left-col"><div>table n°</div><div>serveur</div><div>dessert:</div><div>Tranche napolitaine</div></div><div><img src="ticket-image.png"></div><div class="ticket-left-col"><div>table n°</div><div>serveur</div><div>dessert:</div><div>Tranche napolitaine</div></div><div><img src="ticket-image.png"></div><div class="ticket-left-col"><div>table n°</div><div>serveur</div><div>dessert:</div><div>Tranche napolitaine</div></div><div><img src="ticket-image.png"></div><div class="ticket-left-col"><div>table n°</div><div>serveur</div><div>dessert:</div><div>Tranche napolitaine</div></div><div><img src="ticket-image.png"></div><div class="ticket-left-col"><div>table n°</div><div>serveur</div><div>dessert:</div><div>Tranche napolitaine</div></div><div><img src="ticket-image.png"></div><div class="ticket-left-col"><div>table n°</div><div>serveur</div><div>dessert:</div><div>Tranche napolitaine</div></div><div><img src="ticket-image.png"></div><div class="ticket-left-col"><div>table n°</div><div>serveur</div><div>dessert:</div><div>Tranche napolitaine</div></div><div><img src="ticket-image.png"></div><div class="ticket-left-col"><div>table n°</div><div>serveur</div><div>dessert:</div><div>Tranche napolitaine</div></div><div><img src="ticket-image.png"></div><div class="ticket-left-col"><div>table n°</div><div>serveur</div><div>dessert:</div><div>Tranche napolitaine</div></div><div><img src="ticket-image.png"></div><div class="ticket-left-col"><div>table n°</div><div>serveur</div><div>dessert:</div><div>Tranche napolitaine</div></div><div><img src="ticket-image.png"></div></div><hr><p>Retour au <a href="https://www.srhbraine.be/">site de la Société Royale d'Harmonie de Braine-l'Alleud</a>.</p></body></html>