<!DOCTYPE HTML><html lang="fr"><head><meta charset="utf-8"/><meta name="viewport" content="width=device-width, initial-scale=1.0"/><title>Impression des tickets pour la nourriture</title><link rel="stylesheet" href="styles.css"/></head><body><p>Il y a 4 réservations:</p><ul><li>7 fondus</li><li>4 assiettes</li><li>5 bolos</li><li>10 scampis</li><li>6 pannacottas</li><li>5 tranches napolitaines</li></ul><form method="POST"><input type="hidden" id="csrf_token" name="csrf_token" value="CSRF_TOKEN"/><label for="fondus">fondus:</label><input type="number" id="fondus" name="fondus" value="7" min="7" max="200"/><br/><label for="assiettes">assiettes:</label><input type="number" id="assiettes" name="assiettes" value="4" min="4" max="200"/><br/><label for="bolo">bolo:</label><input type="number" id="bolo" name="bolo" value="5" min="5" max="200"/><br/><label for="scampis">scampis:</label><input type="number" id="scampis" name="scampis" value="10" min="10" max="200"/><br/><label for="pannacotta">pannacotta:</label><input type="number" id="pannacotta" name="pannacotta" value="6" min="6" max="200"/><br/><label for="tranches">tranches:</label><input type="number" id="tranches" name="tranches" value="5" min="5" max="200"/><br/><input type="submit" value="Générer les tickets pour impression"/></form><hr/><p>Retour au <a href="https://www.srhbraine.be/">site de la Société Royale d'Harmonie de Braine-l'Alleud</a>.</p></body></html>
