<!DOCTYPE HTML><html lang="fr"><head><meta charset="utf-8"/><meta name="viewport" content="width=device-width, initial-scale=1.0"/><title>List of reservations</title><link rel="stylesheet" href="styles.css"/></head><body><form action="/TEST_DIR/gestion/list_reservations.cgi"><label for="limit">Limiter le tableau à <em>n</em> lignes:</label><input id="limit" type="number" name="limit" min="5" value="20" max="10000"/><input type="submit" value="Rafraichir la page"/><input id="offset" name="offset" type="hidden" value="0"/></form><table><tr><th><a class="navigation" href="https://TEST_HOST/TEST_DIR/gestion/list_reservations.cgi?limit=20&amp;offset=0&amp;sort_order=name">Nom</a></th><th><a class="navigation" href="https://TEST_HOST/TEST_DIR/gestion/list_reservations.cgi?limit=20&amp;offset=0&amp;sort_order=email">Email</a></th><th><a class="navigation" href="https://TEST_HOST/TEST_DIR/gestion/list_reservations.cgi?limit=20&amp;offset=0&amp;sort_order=date">Date</a></th><th><a class="navigation" href="https://TEST_HOST/TEST_DIR/gestion/list_reservations.cgi?limit=20&amp;offset=0&amp;sort_order=paying_seats">Payant</a></th><th><a class="navigation" href="https://TEST_HOST/TEST_DIR/gestion/list_reservations.cgi?limit=20&amp;offset=0&amp;sort_order=free_seats">Gratuit</a></th><th><a class="navigation" href="https://TEST_HOST/TEST_DIR/gestion/list_reservations.cgi?limit=20&amp;offset=0&amp;sort_order=bank_id">Communication</a></th><th><a class="navigation" href="https://TEST_HOST/TEST_DIR/gestion/list_reservations.cgi?limit=20&amp;offset=0&amp;sort_order=origin">Origine</a></th><th><a class="navigation" href="https://TEST_HOST/TEST_DIR/gestion/list_reservations.cgi?limit=20&amp;offset=0&amp;sort_order=time">Réservé le</a></th></tr></table><hr/><p><a href="export_csv.cgi?name=export.csv">Exporter en format CSV (Excel ou autres tableurs)</a>. Excel a du mal avec les accents et autres caractères spéciaux, voyez <a href="https://www.nextofwindows.com/how-to-display-csv-files-with-unicode-utf-8-encoding-in-excel">cette page</a> pour plus d'explications.</p><hr/><p>Ajouter une réservation:</p><form method="post" action="add_unchecked_reservation.cgi"><input type="hidden" id="csrf_token" name="csrf_token" value="CSRF_TOKEN"/><label for="name">Nom</label><input id="name" name="name" type="text" placeholder="Nom de la bulle" required="required" style="width:100%;"/><br/><label for="comment">Commentaire</label><input id="comment" name="comment" type="text" placeholder="Commentaire" style="width:100%;"/><br/><input id="samedi" name="date" type="radio" value="2022-12-10" checked="checked"/><label for="samedi">Samedi 10 décembre 2022 à 20h</label><br/><input id="dimanche" name="date" type="radio" value="2022-12-11"/><label for="dimanche">Dimanche 11 décembre 2022 à 15h</label><br/><label for="paying_seats">Places payantes:</label><input id="paying_seats" name="paying_seats" type="number" min="0" value="1"/><br/><label for="free_seats">Places gratuites:</label><input id="free_seats" name="free_seats" type="number" min="0" value="0"/><br/><input type="submit" value="Confirmer"/></form><hr/><p>Retour au <a href="https://www.srhbraine.be/">site de la Société Royale d'Harmonie de Braine-l'Alleud</a>.</p></body></html>
