<!DOCTYPE HTML><html lang="fr"><head><meta charset="utf-8"/><title>Données invalides dans le formulaire</title></head><body><p>Votre formulaire contient l'erreur suivante:</p><p><code lang="en">No representation</code></p><p>Voici les données reçues</p><ul><li><code>date</code>: FieldStorage('date', None, '1234-56-78')</li><li><code>email</code>: FieldStorage('email', None, 'Test.Email@example.com')</li><li><code>free_seats</code>: FieldStorage('free_seats', None, '5')</li><li><code>gdpr_accepts_use</code>: FieldStorage('gdpr_accepts_use', None, '1')</li><li><code>name</code>: FieldStorage('name', None, 'TestName')</li><li><code>paying_seats</code>: FieldStorage('paying_seats', None, '3')</li></ul><hr/><p>Retour au <a href="https://www.srhbraine.be/">site de la Société Royale d'Harmonie de Braine-l'Alleud</a>.</p></body></html>
