Content-Type: text/html; charset=utf-8
Content-Language: en, fr

<!DOCTYPE HTML><html lang="fr"><head><meta charset="utf-8"><meta name="viewport" content="width=device-width, initial-scale=1.0"><title>List of payments</title><link rel="stylesheet" href="https://www.srhbraine.be/css/bootstrap.min.css"><link rel="stylesheet" href="https://cdn.jsdelivr.net/npm/remixicon@4.3.0/fonts/remixicon.css"><link rel="stylesheet" href="https://www.srhbraine.be/css/app.css"><style>#home {background-image: url(https://www.srhbraine.be/images/fond-accueil--1.jpg); background-position: center; background-size: cover; filter: brightness(90%);}</style></head><body><!-- navbar --><nav id="navbar" class="navbar navbar-expand-lg bg-light fixed-top"><div class="container"><a class="navbar-brand" href="https://www.srhbraine.be/index.php"><img src="https://www.srhbraine.be/images/logo-srh.png" style="width: 90px;" alt="Responsive image">&nbsp;SRH</a><button class="navbar-toggler" type="button" data-bs-toggle="collapse" data-bs-target="#navbarNav" aria-controls="navbarNav" aria-expanded="false" aria-label="Toggle navigation"><span class="navbar-toggler-icon"></span></button><div class="collapse navbar-collapse" id="navbarNav"><ul class="navbar-nav mx-auto"><li class="nav-item"><a class="nav-link" href="https://www.srhbraine.be/index.php#home">Accueil</a></li><li class="nav-item"><a class="nav-link" href="https://www.srhbraine.be/index.php#services">Qui sommes-nous ?</a></li><li class="nav-item"><a class="nav-link" href="https://www.srhbraine.be/index.php#work">Galeries</a></li><li class="nav-item"><a class="nav-link" href="https://www.srhbraine.be/index.php#sponsors">Sponsors</a></li><li class="nav-item"><a class="nav-link" href="https://www.srhbraine.be/liens.php">Liens</a></li><li class="nav-item"><a class="nav-link" href="https://www.srhbraine.be/agenda.php">Agenda</a></li><li class="nav-item"><a class="nav-link" href="https://www.srhbraine.be/index.php#blog">Blog</a></li><li class="nav-item"><a class="nav-link" href="https://www.srhbraine.be/index.php#contact">Contact</a></li></ul><ul class="navbar-nav flex-row"><li class="nav-item"><a class="social-icon" href="https://www.facebook.com/societeroyaleharmonie/" target="_blank"><i class="ri-facebook-line"></i></a></li><li class="nav-item"><a class="social-icon" href="https://www.instagram.com/srh_braine/" target="_blank"><i class="ri-instagram-line"></i></a></li><li class="nav-item"><a class="social-icon" href="https://www.youtube.com/@raphaeldagostino" target="_blank"><i class="ri-youtube-line"></i></a></li></ul></div></div></nav><section class="section-padding"><div class="container"><div class="row col-12"><form method="POST" action="import_payments.cgi" id="import_csv" enctype="multipart/form-data"><input type="hidden" id="csrf_token" name="csrf_token" value="CSRF_TOKEN"><label for="csv_file">Extraits de compte au format CSV:</label><input type="file" id="csv_file" name="csv_file"><input type="submit" value="Importer les extraits de compte"></form><form action="/gestion/list_payments.cgi" id="pagination"><label for="limit">Limiter le tableau à <em>n</em> lignes:</label><input id="limit" type="number" name="limit" min="5" value="20" max="10000"><input type="submit" value="Rafraichir la page"><input id="sort_order" name="sort_order" type="hidden" value="SRC_ID"><input id="offset" name="offset" type="hidden" value="0"></form><ul class="navbar"><li><a class="navigation" href="https://example.com/gestion/list_payments.cgi?limit=20&amp;offset=0&amp;show_active=0&amp;sort_order=SRC_ID">Inclure paiements inintéressants</a></li></ul><table class="list"><tr><th><a class="navigation" href="https://example.com/gestion/list_payments.cgi?limit=20&amp;offset=0&amp;show_active=1">N° séquence ⬇</a></th><th><a class="navigation" href="https://example.com/gestion/list_payments.cgi?limit=20&amp;offset=0&amp;show_active=1&amp;sort_order=timestamp&amp;sort_order=SRC_ID">Date exécution</a></th><th><a class="navigation" href="https://example.com/gestion/list_payments.cgi?limit=20&amp;offset=0&amp;show_active=1&amp;sort_order=other_account&amp;sort_order=SRC_ID">Contrepartie</a></th><th><a class="navigation" href="https://example.com/gestion/list_payments.cgi?limit=20&amp;offset=0&amp;show_active=1&amp;sort_order=other_name&amp;sort_order=SRC_ID">Nom Contrepartie</a></th><th><a class="navigation" href="https://example.com/gestion/list_payments.cgi?limit=20&amp;offset=0&amp;show_active=1&amp;sort_order=status&amp;sort_order=SRC_ID">Statut</a></th><th><a class="navigation" href="https://example.com/gestion/list_payments.cgi?limit=20&amp;offset=0&amp;show_active=1&amp;sort_order=comment&amp;sort_order=SRC_ID">Communication</a></th><th><a class="navigation" href="https://example.com/gestion/list_payments.cgi?limit=20&amp;offset=0&amp;show_active=1&amp;sort_order=amount_in_cents&amp;sort_order=SRC_ID">Montant</a></th><th>Réservation</th></tr></table><hr><ul><li><a href="list_reservations.cgi">Liste des réservations</a></li></ul></div></div></section><section class="section-padding row"><footer class="footer-bottom"><div class="container"><div class="row col-12"><p class="mb-0">Retour au <a href="https://www.srhbraine.be/">site de la Société Royale d'Harmonie de Braine-l'Alleud</a>.</p></div></div></footer></section></body></html>