<!DOCTYPE HTML><html lang="fr"><head><meta charset="utf-8"/><meta name="viewport" content="width=device-width, initial-scale=1.0"/><title>Réservation effectuée</title><link rel="stylesheet" href="styles.css"/></head><body><p>Votre réservation au nom de TestName pour 3 places payantes et 5 places gratuites au prix de 15.00€ a été enregistrée.</p><p>Veuillez confirmer votre réservation en virant 15.00€ sur le compte BANK_ACCOUNT en mentionnant la communication structurée <code>COMMUNICATION</code>.</p><p><a href="https://www.srhbraine.be/concert-de-gala-2021/">Cette page</a> sera tenue à jour avec les mesures de sécurité en vigueur lors de notre concert. Merci de la consulter peu avant notre spectacle. <a href="TEST_EMAIL">Contactez-nous</a> si vous avez encore des questions.</p><p>Un tout grand merci pour votre présence le 2099-01-01: le soutien de nos auditeurs nous est indispensable!</p><hr/><p>Retour au <a href="https://www.srhbraine.be/">site de la Société Royale d'Harmonie de Braine-l'Alleud</a>.</p></body></html>
