<!DOCTYPE HTML><html lang="fr"><head><meta charset="utf-8"/><meta name="viewport" content="width=device-width, initial-scale=1.0"/><title>Réservation effectuée</title><link rel="stylesheet" href="styles.css"/></head><body><p>Votre réservation au nom de Saturday pour 4 places payantes et 1 place gratuite au prix de 20.00€ a été enregistrée.</p><p>Veuillez effectuer un virement pour 20.00€ au compte BExx XXXX YYYY ZZZZ en mentionnant la communication structurée <code>COMMUNICATION</code>.</p><p>Un tout grand merci pour votre présence le 2021-12-04: le soutien de nos auditeurs nous est indispensable!</p><hr/><p>Retour au <a href="https://www.srhbraine.be/">site de la Société Royale d'Harmonie de Braine-l'Alleud</a>.</p></body></html>
