<!DOCTYPE HTML><html lang="fr"><head><meta charset="utf-8"/><title>Réservation effectuée</title></head><body><p>Votre réservation au nom de Sunday pour 1 place payante et 1 place gratuite au prix de 5.00€ a été enregistrée.</p><p>Veuillez effectuer un virement pour 5.00€ au compte BExx XXXX YYYY ZZZZ en mentionnant la communication structurée <code>COMMUNICATION</code>.</p><p>Un tout grand merci pour votre présence le 2021-12-05: le soutien de nos auditeurs nous est indispensable!</p><hr/><p>Retour au <a href="https://www.srhbraine.be/">site de la Société Royale d'Harmonie de Braine-l'Alleud</a>.</p></body></html>