<!DOCTYPE HTML><html lang="fr"><head><meta charset="utf-8"/><title>List of reservations</title></head><body><ul><li><a href="https://pcrama.sdf-eu.org/TEST_DIR/gestion/list_reservations.cgi?limit=7&amp;offset=0&amp;sort_order=date&amp;sort_order=name">Début</a></li></ul><p>Il y a 3 bulles en tout.</p><form action="/TEST_DIR/gestion/list_reservations.cgi"><label for="limit">Limiter le tableau à <em>n</em> lignes:</label><input id="limit" type="number" name="limit" min="5" value="7" max="10000"/><input type="submit" value="Rafraichir la page"/><input id="sort_order" name="sort_order" type="hidden" value="date"/><input id="sort_order" name="sort_order" type="hidden" value="name"/><input id="offset" name="offset" type="hidden" value="1"/></form><table><tr><th><a href="https://pcrama.sdf-eu.org/TEST_DIR/gestion/list_reservations.cgi?limit=7&amp;offset=1&amp;sort_order=name&amp;sort_order=date">Nom ↑</a></th><th><a href="https://pcrama.sdf-eu.org/TEST_DIR/gestion/list_reservations.cgi?limit=7&amp;offset=1&amp;sort_order=email&amp;sort_order=date&amp;sort_order=name">Email</a></th><th><a href="https://pcrama.sdf-eu.org/TEST_DIR/gestion/list_reservations.cgi?limit=7&amp;offset=1&amp;sort_order=DATE&amp;sort_order=name">Date ↑</a></th><th><a href="https://pcrama.sdf-eu.org/TEST_DIR/gestion/list_reservations.cgi?limit=7&amp;offset=1&amp;sort_order=paying_seats&amp;sort_order=date&amp;sort_order=name">Payant</a></th><th><a href="https://pcrama.sdf-eu.org/TEST_DIR/gestion/list_reservations.cgi?limit=7&amp;offset=1&amp;sort_order=free_seats&amp;sort_order=date&amp;sort_order=name">Gratuit</a></th><th><a href="https://pcrama.sdf-eu.org/TEST_DIR/gestion/list_reservations.cgi?limit=7&amp;offset=1&amp;sort_order=bank_id&amp;sort_order=date&amp;sort_order=name">Communication</a></th><th><a href="https://pcrama.sdf-eu.org/TEST_DIR/gestion/list_reservations.cgi?limit=7&amp;offset=1&amp;sort_order=origin&amp;sort_order=date&amp;sort_order=name">Origine</a></th></tr><tr><td>Sunday</td><td>SundayMail@gmx.com</td><td>2021-12-05</td><td>1</td><td>1</td><td>COMMUNICATION Sunday</td><td><span class="null_value">formulaire web</span></td></tr><tr><td>TestName</td><td>Test.Email@example.com</td><td>2099-01-01</td><td>3</td><td>5</td><td>COMMUNICATION TestName</td><td><span class="null_value">formulaire web</span></td></tr></table><hr/><p>Ajouter une réservation:</p><form method="post" action="add_unchecked_reservation.cgi"><input type="hidden" id="csrf_token" name="csrf_token" value="CSRF_TOKEN"/><label for="name">Nom</label><input id="name" name="name" type="text" placeholder="Nom de la bulle" required="required" style="width:100%;"/><br/><label for="comment">Commentaire</label><input id="comment" name="comment" type="text" placeholder="Commentaire" required="required" style="width:100%;"/><br/><input id="samedi" name="date" type="radio" value="2021-12-04"/><label for="samedi">Samedi 4 décembre 2021 à 20h</label><br/><input id="dimanche" name="date" type="radio" value="2021-12-05"/><label for="dimanche">Dimanche 5 décembre 2021 à 15h</label><br/><label for="paying_seats">Places payantes:</label><input id="paying_seats" name="paying_seats" type="number" min="0"/><br/><label for="free_seats">Places gratuites:</label><input id="free_seats" name="free_seats" type="number" min="0"/><br/><input type="submit" value="Confirmer"/></form><hr/><p>Retour au <a href="https://www.srhbraine.be/">site de la Société Royale d'Harmonie de Braine-l'Alleud</a>.</p></body></html>
