<!DOCTYPE HTML><html lang="fr"><head><meta charset="utf-8"><meta name="viewport" content="width=device-width, initial-scale=1.0"><title>Réservation effectuée</title><link rel="stylesheet" href="https://www.srhbraine.be/css/bootstrap.min.css"><link rel="stylesheet" href="https://cdn.jsdelivr.net/npm/remixicon@4.3.0/fonts/remixicon.css"><link rel="stylesheet" href="https://www.srhbraine.be/css/app.css"><style>#home {background-image: url(https://www.srhbraine.be/images/fond-accueil--1.jpg); background-position: center; background-size: cover; filter: brightness(90%);}</style></head><body><!-- navbar --><nav id="navbar" class="navbar navbar-expand-lg bg-light fixed-top"><div class="container"><a class="navbar-brand" href="https://www.srhbraine.be/index.php"><img src="https://www.srhbraine.be/images/logo-srh.png" style="width: 90px;" alt="Responsive image">&nbsp;SRH</a><button class="navbar-toggler" type="button" data-bs-toggle="collapse" data-bs-target="#navbarNav" aria-controls="navbarNav" aria-expanded="false" aria-label="Toggle navigation"><span class="navbar-toggler-icon"></span></button><div class="collapse navbar-collapse" id="navbarNav"><ul class="navbar-nav mx-auto"><li class="nav-item"><a class="nav-link" href="https://www.srhbraine.be/index.php#home">Accueil</a></li><li class="nav-item"><a class="nav-link" href="https://www.srhbraine.be/index.php#services">Qui sommes-nous ?</a></li><li class="nav-item"><a class="nav-link" href="https://www.srhbraine.be/index.php#work">Galeries</a></li><li class="nav-item"><a class="nav-link" href="https://www.srhbraine.be/index.php#sponsors">Sponsors</a></li><li class="nav-item"><a class="nav-link" href="https://www.srhbraine.be/liens.php">Liens</a></li><li class="nav-item"><a class="nav-link" href="https://www.srhbraine.be/agenda.php">Agenda</a></li><li class="nav-item"><a class="nav-link" href="https://www.srhbraine.be/index.php#blog">Blog</a></li><li class="nav-item"><a class="nav-link" href="https://www.srhbraine.be/index.php#contact">Contact</a></li></ul><ul class="navbar-nav flex-row"><li class="nav-item"><a class="social-icon" href="https://www.facebook.com/societeroyaleharmonie/" target="_blank"><i class="ri-facebook-line"></i></a></li><li class="nav-item"><a class="social-icon" href="https://www.instagram.com/srh_braine/" target="_blank"><i class="ri-instagram-line"></i></a></li><li class="nav-item"><a class="social-icon" href="https://www.youtube.com/@raphaeldagostino" target="_blank"><i class="ri-youtube-line"></i></a></li></ul></div></div></nav><section class="section-padding"><div class="container"><div class="row col-12"><p>Votre réservation au nom de TestCreatedByAdmin pour 1 place gratuite a été enregistrée.</p><p><a href="TEST_EMAIL">Contactez-nous</a> si vous avez encore des questions.</p><p>Un tout grand merci pour votre présence le 2099-01-01: le soutien de nos auditeurs nous est indispensable!</p><hr><p>Ajoutez <a href="https://TEST_HOST/TEST_DIR/show_reservation.cgi?bank_id=COMMUNICATION&amp;uuid_hex=UUID_HEX">cette page</a> à vos favoris ou scannez ce code QR pour suivre l'état actuel de votre réservation:<br>svg</p></div></div></section><section class="section-padding row"><footer class="footer-bottom"><div class="container"><div class="row col-12"><p class="mb-0">Retour au <a href="https://www.srhbraine.be/">site de la Société Royale d'Harmonie de Braine-l'Alleud</a>.</p></div></div></footer></section></body></html>
