Nom,Email,Date,Payants,Gratuits,Dû,Communication,Origine,Commentaire,Actif,Email RGPD
Saturday,Saturday@gmail.com,2022-12-10,4,1,20.00€,COMMUNICATION-Saturday,,,1,Saturday@gmail.com
Sunday,SundayMail@gmx.com,2022-12-11,1,1,5.00€,COMMUNICATION-Sunday,,,1,
TestCreatedByAdmin,,2099-01-01,0,1,0.00€,COMMUNICATION-TestCreatedByAdmin,TEST_ADMIN,ByAdmin,1,
TestName,Test.Email@example.com,2099-01-01,3,5,15.00€,COMMUNICATION-TestName,,,1,Test.Email@example.com
