<!DOCTYPE HTML><html lang="fr"><head><meta charset="utf-8"/><meta name="viewport" content="width=device-width, initial-scale=1.0"/><title>List of reservations</title><link rel="stylesheet" href="styles.css"/></head><body><p>Il y a 4 bulles en tout dont 3 sont actives.</p><ul><li>2021-12-04:5 places réservées</li><li>2021-12-05:2 places réservées</li><li>2099-01-01:1 place réservée</li></ul><form action="/TEST_DIR/gestion/list_reservations.cgi"><label for="limit">Limiter le tableau à <em>n</em> lignes:</label><input id="limit" type="number" name="limit" min="5" value="17" max="10000"/><input type="submit" value="Rafraichir la page"/><input id="sort_order" name="sort_order" type="hidden" value="PAYING_SEATS"/><input id="sort_order" name="sort_order" type="hidden" value="name"/><input id="offset" name="offset" type="hidden" value="0"/></form><table><tr><th><a class="navigation" href="https://pcrama.sdf-eu.org/TEST_DIR/gestion/list_reservations.cgi?limit=17&amp;offset=0&amp;sort_order=name&amp;sort_order=PAYING_SEATS">Nom ↑</a></th><th><a class="navigation" href="https://pcrama.sdf-eu.org/TEST_DIR/gestion/list_reservations.cgi?limit=17&amp;offset=0&amp;sort_order=email&amp;sort_order=PAYING_SEATS&amp;sort_order=name">Email</a></th><th><a class="navigation" href="https://pcrama.sdf-eu.org/TEST_DIR/gestion/list_reservations.cgi?limit=17&amp;offset=0&amp;sort_order=date&amp;sort_order=PAYING_SEATS&amp;sort_order=name">Date</a></th><th><a class="navigation" href="https://pcrama.sdf-eu.org/TEST_DIR/gestion/list_reservations.cgi?limit=17&amp;offset=0&amp;sort_order=name">Payant ⬇</a></th><th><a class="navigation" href="https://pcrama.sdf-eu.org/TEST_DIR/gestion/list_reservations.cgi?limit=17&amp;offset=0&amp;sort_order=free_seats&amp;sort_order=PAYING_SEATS&amp;sort_order=name">Gratuit</a></th><th><a class="navigation" href="https://pcrama.sdf-eu.org/TEST_DIR/gestion/list_reservations.cgi?limit=17&amp;offset=0&amp;sort_order=bank_id&amp;sort_order=PAYING_SEATS&amp;sort_order=name">Communication</a></th><th><a class="navigation" href="https://pcrama.sdf-eu.org/TEST_DIR/gestion/list_reservations.cgi?limit=17&amp;offset=0&amp;sort_order=origin&amp;sort_order=PAYING_SEATS&amp;sort_order=name">Origine</a></th></tr><tr><td>Saturday</td><td>Saturday@gmail.com</td><td>2021-12-04</td><td>4</td><td>1</td><td>COMMUNICATION-Saturday</td><td><span class="null_value">formulaire web</span></td></tr><tr><td>Sunday</td><td>SundayMail@gmx.com</td><td>2021-12-05</td><td>1</td><td>1</td><td>COMMUNICATION-Sunday</td><td><span class="null_value">formulaire web</span></td></tr><tr><td>TestCreatedByAdmin</td><td>ByAdmin</td><td>2099-01-01</td><td>0</td><td>1</td><td>COMMUNICATION-TestCreatedByAdmin</td><td>test_admin</td></tr></table><hr/><p><a href="export_csv.cgi?name=export.csv">Exporter en format CSV (Excel ou autres tableurs)</a>. Excel a du mal avec les accents et autres caractères spéciaux, voyez <a href="https://www.nextofwindows.com/how-to-display-csv-files-with-unicode-utf-8-encoding-in-excel">cette page</a> pour plus d'explications.</p><hr/><p>Ajouter une réservation:</p><form method="post" action="add_unchecked_reservation.cgi"><input type="hidden" id="csrf_token" name="csrf_token" value="CSRF_TOKEN"/><label for="name">Nom</label><input id="name" name="name" type="text" placeholder="Nom de la bulle" required="required" style="width:100%;"/><br/><label for="comment">Commentaire</label><input id="comment" name="comment" type="text" placeholder="Commentaire" style="width:100%;"/><br/><input id="samedi" name="date" type="radio" value="2021-12-04" checked="checked"/><label for="samedi">Samedi 4 décembre 2021 à 20h</label><br/><input id="dimanche" name="date" type="radio" value="2021-12-05"/><label for="dimanche">Dimanche 5 décembre 2021 à 15h</label><br/><label for="paying_seats">Places payantes:</label><input id="paying_seats" name="paying_seats" type="number" min="0" value="1"/><br/><label for="free_seats">Places gratuites:</label><input id="free_seats" name="free_seats" type="number" min="0" value="0"/><br/><input type="submit" value="Confirmer"/></form><hr/><p>Retour au <a href="https://www.srhbraine.be/">site de la Société Royale d'Harmonie de Braine-l'Alleud</a>.</p></body></html>
