<!DOCTYPE HTML><html lang="fr"><head><meta charset="utf-8"/><meta name="viewport" content="width=device-width, initial-scale=1.0"/><title>Réservation effectuée</title><link rel="stylesheet" href="styles.css"/></head><body><p>Votre réservation au nom de "; drop table reservations; select count(1) from csrfs where "2"&lt;" pour 7 places payantes et 2 places gratuites au prix de 35.00€ a été enregistrée.</p><p>Veuillez confirmer votre réservation en virant 35.00€ sur le compte BANK_ACCOUNT en mentionnant la communication structurée <code>COMMUNICATION</code>.  Vos places seront tenues à votre disposition à l'entrée.  Vous serez remboursé(e) en cas d'annulation du concert.</p><p><a href="TEST_EMAIL">Contactez-nous</a> si vous avez encore des questions.</p><p>Un tout grand merci pour votre présence le 2022-12-11: le soutien de nos auditeurs nous est indispensable!</p><hr/><p>Retour au <a href="https://www.srhbraine.be/">site de la Société Royale d'Harmonie de Braine-l'Alleud</a>.</p></body></html>