<!DOCTYPE HTML><html lang="fr"><head><meta charset="utf-8"><meta name="viewport" content="width=device-width, initial-scale=1.0"><title>List of reservations</title><link rel="stylesheet" href="https://www.srhbraine.be/css/bootstrap.min.css"><link rel="stylesheet" href="https://cdn.jsdelivr.net/npm/remixicon@4.3.0/fonts/remixicon.css"><link rel="stylesheet" href="https://www.srhbraine.be/css/app.css"><style>#home {background-image: url(https://www.srhbraine.be/images/fond-accueil--1.jpg); background-position: center; background-size: cover; filter: brightness(90%);}</style></head><body><!-- navbar --><nav id="navbar" class="navbar navbar-expand-lg bg-light fixed-top"><div class="container"><a class="navbar-brand" href="https://www.srhbraine.be/index.php"><img src="https://www.srhbraine.be/images/logo-srh.png" style="width: 90px;" alt="Responsive image">&nbsp;SRH</a><button class="navbar-toggler" type="button" data-bs-toggle="collapse" data-bs-target="#navbarNav" aria-controls="navbarNav" aria-expanded="false" aria-label="Toggle navigation"><span class="navbar-toggler-icon"></span></button><div class="collapse navbar-collapse" id="navbarNav"><ul class="navbar-nav mx-auto"><li class="nav-item"><a class="nav-link" href="https://www.srhbraine.be/index.php#home">Accueil</a></li><li class="nav-item"><a class="nav-link" href="https://www.srhbraine.be/index.php#services">Qui sommes-nous ?</a></li><li class="nav-item"><a class="nav-link" href="https://www.srhbraine.be/index.php#work">Galeries</a></li><li class="nav-item"><a class="nav-link" href="https://www.srhbraine.be/index.php#sponsors">Sponsors</a></li><li class="nav-item"><a class="nav-link" href="https://www.srhbraine.be/liens.php">Liens</a></li><li class="nav-item"><a class="nav-link" href="https://www.srhbraine.be/agenda.php">Agenda</a></li><li class="nav-item"><a class="nav-link" href="https://www.srhbraine.be/index.php#blog">Blog</a></li><li class="nav-item"><a class="nav-link" href="https://www.srhbraine.be/index.php#contact">Contact</a></li></ul><ul class="navbar-nav flex-row"><li class="nav-item"><a class="social-icon" href="https://www.facebook.com/societeroyaleharmonie/" target="_blank"><i class="ri-facebook-line"></i></a></li><li class="nav-item"><a class="social-icon" href="https://www.instagram.com/srh_braine/" target="_blank"><i class="ri-instagram-line"></i></a></li><li class="nav-item"><a class="social-icon" href="https://www.youtube.com/@raphaeldagostino" target="_blank"><i class="ri-youtube-line"></i></a></li></ul></div></div></nav><section class="section-padding"><div class="container"><div class="row col-12"><p>Il y a 5 bulles en tout dont 4 sont actives.</p><ul><li>2024-11-30: 14 places réservées</li><li>2024-12-01: 2 places réservées</li><li>2099-01-01: 1 place réservée</li></ul><form action="/TEST_DIR/gestion/list_reservations.cgi"><label for="limit">Limiter le tableau à <em>n</em> lignes:</label><input id="limit" type="number" name="limit" min="5" value="9" max="10000"><input type="submit" value="Rafraichir la page"><input id="offset" name="offset" type="hidden" value="0"></form><table><tr><th><a class="navigation" href="https://TEST_HOST/TEST_DIR/gestion/list_reservations.cgi?limit=9&amp;offset=0&amp;sort_order=name">Nom</a></th><th><a class="navigation" href="https://TEST_HOST/TEST_DIR/gestion/list_reservations.cgi?limit=9&amp;offset=0&amp;sort_order=email">Email</a></th><th><a class="navigation" href="https://TEST_HOST/TEST_DIR/gestion/list_reservations.cgi?limit=9&amp;offset=0&amp;sort_order=date">Date</a></th><th><a class="navigation" href="https://TEST_HOST/TEST_DIR/gestion/list_reservations.cgi?limit=9&amp;offset=0&amp;sort_order=paying_seats">Payant</a></th><th><a class="navigation" href="https://TEST_HOST/TEST_DIR/gestion/list_reservations.cgi?limit=9&amp;offset=0&amp;sort_order=free_seats">Gratuit</a></th><th><a class="navigation" href="https://TEST_HOST/TEST_DIR/gestion/list_reservations.cgi?limit=9&amp;offset=0&amp;sort_order=bank_id">Communication</a></th><th><a class="navigation" href="https://TEST_HOST/TEST_DIR/gestion/list_reservations.cgi?limit=9&amp;offset=0&amp;sort_order=origin">Origine</a></th><th><a class="navigation" href="https://TEST_HOST/TEST_DIR/gestion/list_reservations.cgi?limit=9&amp;offset=0&amp;sort_order=timestamp">Réservé le</a></th></tr><tr><td><a href="https://TEST_HOST/TEST_DIR/show_reservation.cgi?bank_id=COMMUNICATION-Saturday&amp;uuid_hex=UUID-Saturday">Saturday</a></td><td>Saturday@gmail.com</td><td>2024-11-30</td><td>4</td><td>1</td><td>COMMUNICATION-Saturday</td><td><span class="null_value">formulaire web</span></td><td>TEST-DATE</td></tr><tr><td><a href="https://TEST_HOST/TEST_DIR/show_reservation.cgi?bank_id=COMMUNICATION-Sunday&amp;uuid_hex=UUID-Sunday">Sunday</a></td><td>SundayMail@gmx.com</td><td>2024-12-01</td><td>1</td><td>1</td><td>COMMUNICATION-Sunday</td><td><span class="null_value">formulaire web</span></td><td>TEST-DATE</td></tr><tr><td><a href="https://TEST_HOST/TEST_DIR/show_reservation.cgi?bank_id=COMMUNICATION-TestCreatedByAdmin&amp;uuid_hex=UUID-TestCreatedByAdmin">TestCreatedByAdmin</a></td><td>ByAdmin</td><td>2099-01-01</td><td>0</td><td>1</td><td>COMMUNICATION-TestCreatedByAdmin</td><td>TEST_ADMIN</td><td>TEST-DATE</td></tr><tr><td><a href="https://TEST_HOST/TEST_DIR/show_reservation.cgi?bank_id=COMMUNICATION-droptablereservationsselectcount1fromcsrfswhere2&amp;uuid_hex=UUID-droptablereservationsselectcount1fromcsrfswhere2">"; drop table reservations; select count(1) from csrfs where "2"&lt;"</a></td><td>&lt;/body&gt;&lt;/html&gt;&lt;!--@example.com</td><td>2024-11-30</td><td>7</td><td>2</td><td>COMMUNICATION-droptablereservationsselectcount1fromcsrfswhere2</td><td><span class="null_value">formulaire web</span></td><td>TEST-DATE</td></tr></table><hr><p><a href="export_csv.cgi?name=export.csv">Exporter en format CSV (Excel ou autres tableurs)</a>. Excel a du mal avec les accents et autres caractères spéciaux, voyez <a href="https://www.nextofwindows.com/how-to-display-csv-files-with-unicode-utf-8-encoding-in-excel">cette page</a> pour plus d'explications.</p><hr><p>Ajouter une réservation:</p><form method="post" action="add_unchecked_reservation.cgi"><input type="hidden" id="csrf_token" name="csrf_token" value="CSRF_TOKEN"><select id="civility" name="civility"><option value="" selected="selected">???</option><option value="mlle">Mlle</option><option value="mme">Mme</option><option value="mr">Mr</option></select><input id="first_name" name="first_name" type="text" placeholder="Prénom"><input id="last_name" name="last_name" type="text" placeholder="Nom de famille" required="required"><br><label for="comment">Commentaire</label><input id="comment" name="comment" type="text" placeholder="Commentaire" style="width:100%;"><br><input id="samedi" name="date" type="radio" value="2024-11-30" checked="checked"><label for="samedi">Samedi 30 novembre 2024 à 20h</label><br><input id="dimanche" name="date" type="radio" value="2024-12-01"><label for="dimanche">Dimanche 1 décembre 2024 à 15h</label><br><label for="paying_seats">Places payantes:</label><input id="paying_seats" name="paying_seats" type="number" min="0" value="1"><br><label for="free_seats">Places gratuites:</label><input id="free_seats" name="free_seats" type="number" min="0" value="0"><br><input type="submit" value="Confirmer"></form><hr><ul><li><a href="list_payments.cgi">Liste des paiements</a></li></ul></div></div></section><section class="section-padding row"><footer class="footer-bottom"><div class="container"><div class="row col-12"><p class="mb-0">Retour au <a href="https://www.srhbraine.be/">site de la Société Royale d'Harmonie de Braine-l'Alleud</a>.</p></div></div></footer></section></body></html>
